2026-05-14 00:01:27 - INFO - === Клиент запущен ===
2026-05-14 00:06:23 - ERROR - Ошибка получения списка устройств: 550 Failed to change directory.
2026-05-14 00:11:21 - INFO - === Клиент запущен ===
2026-05-14 00:11:23 - ERROR - Ошибка получения списка устройств: 550 Failed to change directory.
2026-05-14 00:13:19 - INFO - === Клиент запущен ===
2026-05-14 00:19:51 - INFO - === Клиент запущен ===
2026-05-14 00:21:14 - INFO - === Клиент запущен ===
2026-05-14 00:24:41 - INFO - === Клиент запущен ===
2026-05-14 00:29:07 - INFO - === Клиент запущен ===
2026-05-14 00:29:37 - ERROR - Ошибка загрузки data.txt: 550 Failed to change directory.
2026-05-14 00:30:07 - ERROR - Ошибка загрузки data.txt: 550 Failed to change directory.
2026-05-14 00:30:37 - ERROR - Ошибка загрузки data.txt: 550 Failed to change directory.
2026-05-14 00:31:07 - ERROR - Ошибка загрузки data.txt: 550 Failed to change directory.
2026-05-14 00:31:38 - ERROR - Ошибка загрузки data.txt: 550 Failed to change directory.
2026-05-14 00:32:08 - ERROR - Ошибка загрузки data.txt: 550 Failed to change directory.
2026-05-14 00:32:38 - ERROR - Ошибка загрузки data.txt: 550 Failed to change directory.
2026-05-14 00:36:55 - INFO - === Клиент запущен ===
2026-05-14 00:37:01 - ERROR - Ошибка загрузки data.txt: 550 Failed to change directory.
2026-05-14 00:37:58 - INFO - === Клиент запущен ===
2026-05-14 00:42:40 - ERROR - Ошибка FTP-подключения (попытка 1): 550 Failed to change directory.
2026-05-14 00:42:43 - ERROR - Ошибка FTP-подключения (попытка 2): 550 Failed to change directory.
2026-05-14 00:42:45 - ERROR - Ошибка FTP-подключения (попытка 3): 550 Failed to change directory.
2026-05-14 00:43:10 - ERROR - Ошибка FTP-подключения (попытка 1): 550 Failed to change directory.
2026-05-14 00:43:12 - ERROR - Ошибка FTP-подключения (попытка 2): 550 Failed to change directory.
2026-05-14 00:43:14 - ERROR - Ошибка FTP-подключения (попытка 3): 550 Failed to change directory.
2026-05-14 00:44:33 - ERROR - Ошибка FTP-подключения (попытка 1): 550 Failed to change directory.
2026-05-14 00:44:35 - ERROR - Ошибка FTP-подключения (попытка 2): 550 Failed to change directory.
2026-05-14 00:44:37 - ERROR - Ошибка FTP-подключения (попытка 3): 550 Failed to change directory.
2026-05-14 00:46:12 - INFO - === Клиент запущен ===
2026-05-14 00:50:31 - ERROR - Ошибка загрузки списка суточных файлов: 550 Failed to change directory.
2026-05-14 01:09:28 - INFO - === Клиент запущен ===
2026-05-14 01:11:45 - INFO - === Клиент запущен ===
2026-05-14 01:26:12 - INFO - === Клиент запущен ===
2026-05-14 01:26:24 - ERROR - Ошибка загрузки списка суточных файлов: 550 Failed to change directory.
2026-05-14 01:27:56 - INFO - === Клиент запущен ===
2026-05-14 01:28:03 - INFO - Пытаемся перейти в: /FTP/student2026/devices/diploma_device
2026-05-14 01:28:03 - ERROR - Ошибка загрузки списка суточных файлов: 550 Failed to change directory.
2026-05-14 01:29:40 - INFO - === Клиент запущен ===
2026-05-14 01:29:48 - INFO - Пытаемся перейти в: devices/diploma_device
2026-05-14 01:29:48 - INFO - Успешно перешли в /devices/diploma_device
2026-05-14 01:29:48 - INFO - Содержимое папки устройства: ['2026', 'archive', 'data.txt', 'diag.txt', 'diag_archive', 'server.log', 'sms_config.txt']
2026-05-14 01:29:48 - INFO - '2026' - это папка, сканируем...
2026-05-14 01:29:48 - INFO - В папке 2026 найдено: ['apr', 'may']
2026-05-14 01:29:49 - INFO -   В папке 2026/apr сканируем файлы...
2026-05-14 01:29:49 - INFO -     Найден файл: 2026-04-27.txt -> дата 2026-04-27
2026-05-14 01:29:49 - INFO -   В папке 2026/may сканируем файлы...
2026-05-14 01:29:49 - INFO -     Найден файл: 2026-05-12.txt -> дата 2026-05-12
2026-05-14 01:29:49 - INFO -     Найден файл: 2026-05-13.txt -> дата 2026-05-13
2026-05-14 01:29:49 - INFO -     Найден файл: 2026-05-14.txt -> дата 2026-05-14
2026-05-14 01:29:49 - INFO -     Пропущен файл (неверный формат): diag_2026-05-13.txt
2026-05-14 01:29:49 - INFO -     Пропущен файл (неверный формат): diag_2026-05-14.txt
2026-05-14 01:29:49 - INFO - 'data.txt' - не папка или ошибка: 550 Failed to change directory.
2026-05-14 01:29:49 - INFO - 'diag.txt' - не папка или ошибка: 550 Failed to change directory.
2026-05-14 01:29:49 - INFO - 'server.log' - не папка или ошибка: 550 Failed to change directory.
2026-05-14 01:29:49 - INFO - 'sms_config.txt' - не папка или ошибка: 550 Failed to change directory.
2026-05-14 01:29:49 - INFO - Всего найдено доступных дат: 4
2026-05-14 01:42:17 - INFO - === Клиент запущен ===
2026-05-14 01:43:40 - INFO - Конфигурация обновлена: интервал сброса = 720 минут
2026-05-14 01:43:40 - ERROR - Ошибка FTP-подключения (попытка 1): 550 Failed to change directory.
2026-05-14 01:43:42 - ERROR - Ошибка FTP-подключения (попытка 2): 550 Failed to change directory.
2026-05-14 01:43:44 - ERROR - Ошибка FTP-подключения (попытка 3): 550 Failed to change directory.
2026-05-14 01:43:46 - ERROR - Не удалось подключиться к FTP
2026-05-14 02:14:32 - INFO - === Клиент запущен ===
2026-05-14 02:14:47 - INFO - Конфигурация обновлена: интервал сброса = 720 минут
2026-05-14 02:14:47 - INFO - Конфигурация загружена на FTP-сервер для устройства diploma_device
2026-05-15 20:11:11 - INFO - === Клиент запущен ===
2026-05-17 02:15:56 - INFO - === Клиент запущен ===
2026-05-19 00:01:56 - INFO - === Клиент запущен ===
2026-05-19 12:19:10 - INFO - === Клиент запущен ===
2026-05-19 12:20:38 - INFO - === Клиент запущен ===
2026-05-19 12:24:27 - INFO - === Клиент запущен ===
2026-05-19 13:18:35 - INFO - === Клиент запущен ===
2026-05-19 13:18:42 - ERROR - Ошибка загрузки data.txt: 550 Failed to open file.
2026-05-19 17:13:03 - INFO - === Клиент запущен ===
2026-05-19 17:26:38 - INFO - Конфигурация обновлена: интервал сброса = 60 минут
2026-05-19 17:26:38 - INFO - Конфигурация загружена на FTP-сервер для устройства diploma_device
2026-05-19 17:58:37 - ERROR - Ошибка FTP-подключения (попытка 1): [WinError 10060] Попытка установить соединение была безуспешной, т.к. от другого компьютера за требуемое время не получен нужный отклик, или было разорвано уже установленное соединение из-за неверного отклика уже подключенного компьютера
2026-05-19 17:58:42 - ERROR - Ошибка FTP-подключения (попытка 2): [WinError 10065] Сделана попытка выполнить операцию на сокете для недоступного хоста
2026-05-19 17:58:47 - ERROR - Ошибка FTP-подключения (попытка 3): [WinError 10065] Сделана попытка выполнить операцию на сокете для недоступного хоста
2026-05-19 17:59:22 - ERROR - Ошибка FTP-подключения (попытка 1): [WinError 10065] Сделана попытка выполнить операцию на сокете для недоступного хоста
2026-05-19 17:59:27 - ERROR - Ошибка FTP-подключения (попытка 2): [WinError 10065] Сделана попытка выполнить операцию на сокете для недоступного хоста
2026-05-19 17:59:32 - ERROR - Ошибка FTP-подключения (попытка 3): [WinError 10065] Сделана попытка выполнить операцию на сокете для недоступного хоста
2026-05-19 18:00:07 - ERROR - Ошибка FTP-подключения (попытка 1): [WinError 10065] Сделана попытка выполнить операцию на сокете для недоступного хоста
2026-05-19 18:00:12 - ERROR - Ошибка FTP-подключения (попытка 2): [WinError 10065] Сделана попытка выполнить операцию на сокете для недоступного хоста
2026-05-19 18:00:17 - ERROR - Ошибка FTP-подключения (попытка 3): [WinError 10065] Сделана попытка выполнить операцию на сокете для недоступного хоста
2026-05-19 18:00:52 - ERROR - Ошибка FTP-подключения (попытка 1): [WinError 10065] Сделана попытка выполнить операцию на сокете для недоступного хоста
2026-05-19 18:00:57 - ERROR - Ошибка FTP-подключения (попытка 2): [WinError 10065] Сделана попытка выполнить операцию на сокете для недоступного хоста
2026-05-19 18:01:02 - ERROR - Ошибка FTP-подключения (попытка 3): [WinError 10065] Сделана попытка выполнить операцию на сокете для недоступного хоста
2026-05-19 18:01:14 - INFO - === Клиент запущен ===
2026-05-19 18:01:16 - ERROR - Ошибка FTP-подключения: [WinError 10065] Сделана попытка выполнить операцию на сокете для недоступного хоста
2026-05-19 19:49:34 - INFO - === Клиент запущен ===
2026-05-19 20:24:54 - INFO - === Клиент запущен ===
2026-05-19 20:25:15 - INFO - Конфигурация обновлена: интервал сброса = 60 минут
2026-05-19 20:25:16 - INFO - Конфигурация загружена на FTP-сервер для устройства diploma_device
2026-05-19 21:24:15 - INFO - Сброс по истечении 60 минут от первого измерения 20:23:53
2026-05-19 23:32:03 - INFO - === Клиент запущен ===
2026-05-20 00:32:43 - INFO - Автоматический сброс по истечении 60 минут
2026-05-20 00:32:45 - INFO - Сброс выполнен. Следующий сброс в 01:32:45
2026-05-20 00:57:21 - INFO - Конфигурация обновлена: интервал сброса = 60 минут, следующий сброс в 01:57:21
2026-05-20 00:57:21 - INFO - Конфигурация загружена на FTP-сервер для устройства diploma_device
2026-05-20 02:13:02 - INFO - === Клиент запущен ===
2026-05-20 17:13:48 - INFO - === Клиент запущен ===
2026-05-20 17:13:56 - ERROR - Ошибка загрузки data.txt: 550 Failed to open file.
2026-05-20 17:14:26 - ERROR - Ошибка загрузки data.txt: 550 Failed to open file.
2026-05-20 17:14:57 - ERROR - Ошибка загрузки data.txt: 550 Failed to open file.
2026-05-20 17:15:27 - ERROR - Ошибка загрузки data.txt: 550 Failed to open file.
2026-05-20 19:45:11 - INFO - === Клиент запущен ===
2026-05-20 21:24:55 - INFO - === Клиент запущен ===
2026-05-20 21:57:04 - INFO - Интервал сброса изменён: 60 → 180 минут, следующий сброс в 00:57:04
2026-05-20 21:57:04 - INFO - Конфигурация загружена на FTP-сервер для устройства diploma_device
2026-05-29 11:29:12 - INFO - === Клиент запущен ===
2026-05-29 11:29:20 - INFO - Лог очищен: удалено 9 устаревших записей
2026-05-29 15:40:28 - INFO - === Клиент запущен ===
2026-05-29 15:40:40 - INFO - === Клиент запущен ===
